Report       : AC_DC_Load
Date         : 12-06-2019
Time         : 11:30:07

Compiler     : BASCOM-AVR LIBRARY V 2.0.7.5
Processor    : M32
SRAM         : 800 hex
EEPROM       : 400 hex
ROMSIZE      : 8000 hex

ROMIMAGE     : 2D6C hex  -> Will fit into ROM
ROMIMAGE     :  11628 dec
FLASH USED   :  35  %
BAUD         : 19200 Baud
XTAL         : 16000000 Hz
BAUD error   : 0.16%

Stack start  : 85F hex
Stack size   : 40 hex
S-Stacksize  : 80 hex
S-Stackstart : 820 hex
Framesize    : 40 hex
Framestart   : 760 hex
Space left   :  1289  dec

LCD DB7      : PORTB.7
LCD DB6      : PORTB.6
LCD DB5      : PORTB.5
LCD DB4      : PORTB.4
LCD E        : PORTB.3
LCD RS       : PORTB.2
LCD mode     :  4  bit

--------------------------------------------------------------------------------
Variable                         Type            Address(hex)   Address(dec)
--------------------------------------------------------------------------------
SP                               Word              005D          93 
TCNT1                            Word              004C          76 
OCR1A                            Word              004A          74 
OCR1B                            Word              0048          72 
ICR1                             Word              0046          70 
EEAR                             Word              003E          62 
ADC                              Word              0024          36 
TIMER1                           Word              004C          76 
COMPARE1A                        Word              004A          74 
COMPARE1B                        Word              0048          72 
CAPTURE1                         Word              0046          70 
HWSTACK                          Word              005D          93 
SWSTACK                          Word              001C          28 
FRAME                            Word              0004          4 
ADCD                             Word              0024          36 
COUNTER1                         Word              004C          76 
TIMER1                           Word              004C          76 
CAPTURE1                         Word              0046          70 
COMPARE1A                        Word              004A          74 
PWM1A                            Word              004A          74 
COMPARE1                         Word              004A          74 
PWM1B                            Word              0048          72 
COMPARE1B                        Word              0048          72 
PWM0                             Byte              005C          92 
ERR                              Bit               0006          6 
CMD_STRING                       String            0162          354 
CIN                              Byte              0177          375 
CMD                              String            0178          376 
L1                               Byte              017A          378 
REMOTE                           Byte              017B          379 
REMOTE_BAK                       Byte              017C          380 
ARG_STRING                       String            017D          381 
COUNTER_1                        Word              018A          394 
COUNTER_2                        Word              018C          396 
OVERCURRENT_WAIT_COUNTER         Word              018E          398 
FAN_OFF_DELAYCOUNTER             Word              0190          400 
DEST_VALUE                       Word              0192          402 
DEST_VALUE_BAK                   Word              0194          404 
FATAL_ERROR                      Byte              0196          406 
INV_VALUE                        Byte              0197          407 
VRMS                             Single            0198          408 
V_AVG                            Single            019C          412 
VOLTS                            Single            01A0          416 
GAIN                             Byte              01A4          420 
REGULATION_VALUE                 Integer           01A5          421 
CURRENT_CORR_VALUE               Single            01A7          423 
VOLTAGE_CORR_VALUE               Single            01AB          427 
ARMS                             Single            01AF          431 
A_AVG                            Single            01B3          435 
AMPS                             Single            01B7          439 
U                                Single            01BB          443 
I                                Single            01BF          447 
V                                Single            01C3          451 
A                                Single            01C7          455 
PERIOD_COUNTER                   Byte              01CB          459 
AVG_COUNTER                      Byte              01CC          460 
MEASURE_COMPLETED                Bit               01CD          461 
VI                               Word (22)         01CE          462 
AI                               Word (22)         01FA          506 
VAI_REQUEST                      Byte              0226          550 
N                                Byte              0227          551 
DEST_RESISTANCE                  Single            0228          552 
MIN_RESISTANCE                   Single            022C          556 
DEST_RESISTANCE_RANGE            Single            0230          560 
DEST_CURRENT                     Single            0234          564 
MAX_CURRENT                      Single            0238          568 
DEST_CURRENT_RANGE               Single            023C          572 
TEMP_CURRENT                     Single            0240          576 
MAX_TEMP_VALUE                   Word              0244          580 
LOAD_MODE                        Byte              0246          582 
TEMP_ADCVAL                      Word              0247          583 
TEMP                             Single            0249          585 
PTOT                             Single            024D          589 
DAOUT                            Byte (3)          0251          593 
MAX_7219_BYTES                   Byte (2)          0254          596 

--------------------------------------------------------------------------------
Constant                         Value
--------------------------------------------------------------------------------
SREG                             &H3F
SPH                              &H3E
SPL                              &H3D
OCR0                             &H3C
PWM0                             &H3C
COMPARE0                         &H3C
GIMSK                            &H3B
GICR                             &H3B
GIFR                             &H3A
TIMSK                            &H39
TIFR                             &H38
TIFR1                            &H38
SPMCR                            &H37
SPMCSR                           &H37
TWCR                             &H36
MCUCR                            &H35
MCUSR                            &H34
MCUCSR                           &H34
TCCR0                            &H33
TCNT0                            &H32
COUNTER0                         &H32
TIMER0                           &H32
OSCCAL                           &H31
SFIOR                            &H30
TCCR1A                           &H2F
TCCR1B                           &H2E
TCNT1H                           &H2D
TCNT1L                           &H2C
OCR1AH                           &H2B
OCR1AL                           &H2A
OCR1BH                           &H29
OCR1BL                           &H28
ICR1H                            &H27
ICR1L                            &H26
TCCR2                            &H25
TCNT2                            &H24
TIMER2                           &H24
COUNTER2                         &H24
OCR2                             &H23
PWM2                             &H23
COMPARE2                         &H23
ASSR                             &H22
WDTCR                            &H21
UBRRHI                           &H20
UCSRC                            &H20
EEARH                            &H1F
EEARL                            &H1E
EEDR                             &H1D
EECR                             &H1C
PORTA                            &H1B
DDRA                             &H1A
PINA                             &H19
PORTB                            &H18
DDRB                             &H17
PINB                             &H16
PORTC                            &H15
DDRC                             &H14
PINC                             &H13
PORTD                            &H12
DDRD                             &H11
PIND                             &H10
SPDR                             &H0F
SPSR                             &H0E
SPCR                             &H0D
UDR                              &H0C
USR                              &H0B
UCSRA                            &H0B
UCR                              &H0A
UCSRB                            &H0A
UBRR                             &H09
UBRRL                            &H09
ACSR                             &H08
ADMUX                            &H07
ADCSR                            &H06
ADCSRA                           &H06
ADCH                             &H05
ADCL                             &H04
TWDR                             &H03
TWAR                             &H02
TWSR                             &H01
TWBR                             &H00
INT1                             7
INT0                             6
INT2                             5
IVSEL                            1
IVCE                             0
INTF1                            7
INTF0                            6
INTF2                            5
TOIE0                            0
OCIE0                            1
TOIE1                            2
OCIE1B                           3
OCIE1A                           4
TICIE1                           5
TOIE2                            6
OCIE2                            7
TOV0                             0
OCF0                             1
TOV1                             2
OCF1B                            3
OCF1A                            4
ICF1                             5
TOV2                             6
OCF2                             7
SPMIE                            7
ASB                              6
ASRE                             4
BLBSET                           3
PGWRT                            2
PGERS                            1
SPMEN                            0
SELFPRGEN                        0
SE                               7
SM2                              6
SM1                              5
SM0                              4
ISC11                            3
ISC10                            2
ISC01                            1
ISC00                            0
JTD                              7
ISC2                             6
EIH                              5
JTRF                             4
WDRF                             3
BORF                             2
EXTRF                            1
PORF                             0
FOC0                             7
WGM00                            6
COM01                            5
COM00                            4
WGM01                            3
CS02                             2
CS01                             1
CS00                             0
COM1A1                           7
COM1A0                           6
COM1B1                           5
COM1B0                           4
FOC1A                            3
FOC1B                            2
PWM11                            1
PWM10                            0
ICNC1                            7
ICES1                            6
CTC11                            4
CTC10                            3
CTC1                             3
CS12                             2
CS11                             1
CS10                             0
FOC2                             7
PWM2                             6
COM21                            5
COM20                            4
CTC2                             3
CS22                             2
CS21                             1
CS20                             0
RPDD                             7
RPDC                             6
RPDB                             5
RPDA                             4
ACME                             3
PUD                              2
PSR2                             1
PSR10                            0
WDTOE                            4
WDE                              3
WDP2                             2
WDP1                             1
WDP0                             0
EERIE                            3
EEMWE                            2
EEWE                             1
EERE                             0
EEPE                             1
PA7                              7
PA6                              6
PA5                              5
PA4                              4
PA3                              3
PA2                              2
PA1                              1
PA0                              0
DDA7                             7
DDA6                             6
DDA5                             5
DDA4                             4
DDA3                             3
DDA2                             2
DDA1                             1
DDA0                             0
PINA7                            7
PINA6                            6
PINA5                            5
PINA4                            4
PINA3                            3
PINA2                            2
PINA1                            1
PINA0                            0
PB7                              7
PB6                              6
PB5                              5
PB4                              4
PB3                              3
PB2                              2
PB1                              1
PB0                              0
DDB7                             7
DDB6                             6
DDB5                             5
DDB4                             4
DDB3                             3
DDB2                             2
DDB1                             1
DDB0                             0
PINB7                            7
PINB6                            6
PINB5                            5
PINB4                            4
PINB3                            3
PINB2                            2
PINB1                            1
PINB0                            0
PC7                              7
PC6                              6
PC5                              5
PC4                              4
PC3                              3
PC2                              2
PC1                              1
PC0                              0
DDC7                             7
DDC6                             6
DDC5                             5
DDC4                             4
DDC3                             3
DDC2                             2
DDC1                             1
DDC0                             0
PINC7                            7
PINC6                            6
PINC5                            5
PINC4                            4
PINC3                            3
PINC2                            2
PINC1                            1
PINC0                            0
PD7                              7
PD6                              6
PD5                              5
PD4                              4
PD3                              3
PD2                              2
PD1                              1PD0 =0
DDD7                             7
DDD6                             6
DDD5                             5
DDD4                             4
DDD3                             3
DDD2                             2
DDD1                             1
DDD0                             0
PIND7                            7
PIND6                            6
PIND5                            5
PIND4                            4
PIND3                            3
PIND2                            2
PIND1                            1
PIND0                            0
RXC                              7
TXC                              6
UDRE                             5
FE                               4
DOR                              3
PE                               2
U2X                              1
MPCM                             0
RXCIE                            7
TXCIE                            6
UDRIE                            5
RXEN                             4
TXEN                             3
CHR9                             2
UCSZ2                            2
RXB8                             1
TXB8                             0
URSEL                            7
UMSEL                            6
UPM1                             5
UPM0                             4
USBS                             3
UCSZ1                            2
UCSZ0                            1
UCPOL                            0
SPIE                             7
SPE                              6
DORD                             5
MSTR                             4
CPOL                             3
CPHA                             2
SPR1                             1
SPR0                             0
SPIF                             7
WCOL                             6
SPI2X                            0
ACD                              7
ACBG                             6
ACO                              5
ACI                              4
ACIE                             3
ACIC                             2
ACIS1                            1
ACIS0                            0
REFS1                            7
REFS0                            6
ADLAR                            5
MUX4                             4
MUX3                             3
MUX2                             2
MUX1                             1
MUX0                             0
ADEN                             7
ADSC                             6
ADFR                             5
ADIF                             4
ADIE                             3
ADPS2                            2
ADPS1                            1
ADPS0                            0
TWINT                            7
TWEA                             6
TWSTA                            5
TWSTO                            4
TWWC                             3
TWEN                             2
TWI_TST                          1
TWIE                             0
TWGCE                            0
AS2                              3
TCN2UB                           2
OCR2UB                           1
TCR2UB                           0
_DATE_FORMAT                     0
_DATE_SEPARATOR                  92
_GSTRBUF                         1888
_DECIMALPOINT                    46
_RTSCTS                          0
_RTSCTS1                         0
_RTSCTS3                         0
_RTSCTS4                         0
_CHIP                            23
_RAMSIZE                         2048
_ERAMSIZE                        1024
_SIM                             0
_HUGE                            0
_BASE                            1
_XTAL                            16000000
_BUILD                           20750
_COMPILER                        90
_HWMUL                           1
_ROMSIZE                         32768
_DOSFILEWRITE                    0
_DOSDIRWRITE                     0
_1WEXT                           0
_ADC_REFMODEL                    8
_UARTS                           1
_HWSTACKSTART                    2143
_TIMEOUT                         0
_PRDWORD                         0
_PBIN_EXTENDED                   0
_HWSTACK_LOW                      2079
_SWSTACK_LOW                      1952
_FRAME_HIGH                       1952
_XMEGA                           0
_RS232_BUFSIZE0                  255
_RS232_BUFSIZE_IN0P1             256
_CHECKCHAR0                      0
CR                                13
LF                                10
FALSE                            0
TRUE                             1
SEC_1                            1000
MSEC_500                         500
NO_ERROR                         0
OVERVOLTAGE                      1
OVERCURRENT                      2
OVERTEMP                         4
SOA_ERROR                        8
FAN_ON_TEMP                      40
FAN_OFF_TEMP                     35
CRITICAL_TEMP                    80
NO_CRITICAL_TEMP                 75
MAX_VOLTS                        400.0
MAX_AMPS                         9999.0
MIN_AMPS                         200.0
P_MAX                            200.0
P_FAN_ON                         100.0
P_FAN_OFF                        80.0
GAIN_CHANGE_VOLTAGE              50
MEASURE_TIME                     20
AVG_MEASURE_TIME                 10
V_CORR_FACTOR_DEFAULT            0.1
A_CORR_FACTOR_DEFAULT            11
DAC_CORR_FACTOR_LOW              1.67E-3
DAC_CORR_FACTOR_HIGH             1.67E-2
REGULATION_CONST                 5
OVERCURRENT_WAIT_TIME            1000
FAN_OFF_DELAY_TIME               10000
I_CONST                          1
R_CONST                          2
_SPI_SS                          &H18
_SPI_SSP                         4
DIGIT_0                          1
DIGIT_1                          2
DIGIT_2                          3
DIGIT_3                          4
DIGIT_4                          5
DIGIT_5                          6
DIGIT_6                          7
DIGIT_7                          8
DECODE_MODE_REG                   9
INTENSITY_REG                     10
SCAN_LIMIT_REG                    11
SHUTDOWN_REG                      12
FIVE_DIGITS                      4
SIX_DIGITS                       5
SEVEN_DIGITS                     6
EIGHT_DIGITS                     7
NORMAL_INTENSITY                 10
SHUTDOWN_MODE                    0
NORMAL_OPERATION                 1
NO_DECODE                        0
CODE_B_DIGIT0                    1
CODE_B_DIGITS3                    15
CODE_B_DIGITS7                    255


--------------------------------------------------------------------------------
Warnings:
--------------------------------------------------------------------------------
SP                               not used
TCNT1                            not used
OCR1A                            not used
OCR1B                            not used
ICR1                             not used
EEAR                             not used
ADC                              not used
ADCD                             not used
COMPARE1                         not used
PWM1B                            not used
PWM0                             not used
REMOTE_BAK                       not used

Length of string might not be enough to hold the result. A length of 16 is desir  in line  439 
Length of string might not be enough to hold the result. A length of 16 is desir  in line  441 
Length of string might not be enough to hold the result. A length of 16 is desir  in line  443 
Length of string might not be enough to hold the result. A length of 16 is desir  in line  457 
Length of string might not be enough to hold the result. A length of 16 is desir  in line  498 
Length of string might not be enough to hold the result. A length of 16 is desir  in line  500 
Length of string might not be enough to hold the result. A length of 16 is desir  in line  507 
Length of string might not be enough to hold the result. A length of 16 is desir  in line  512 
Length of string might not be enough to hold the result. A length of 16 is desir  in line  516 
Length of string might not be enough to hold the result. A length of 16 is desir  in line  518 
Length of string might not be enough to hold the result. A length of 16 is desir  in line  530 
